$# Creating journal file G:\Meu Drive\USP\SEMESTRES\7º SEMESTRE\PROJETO DE 
$# ELEMENTOS ESTRUTURAIS DE AERONAVES I\Exercicios, Trabalhos e 
$# Avaliações\Projeto\Patran\caixao_projeto.db.jou at 31-May-21 11:38:57
uil_file_rebuild.start("C:\Program Files\MSC.Software\NaPa_SE\20211\Patran" // @
"/template.db","G:\Meu Drive\USP\SEMESTRES\7º SEMESTRE\PROJETO DE ELEMENTO" // @
"S ESTRUTURAIS DE AERONAVES I\Exercicios, Trabalhos e Avaliações\Projeto\P" // @
"atran\caixao_projeto.db")
$# Synchronizing the User Data Manager
set_current_dir( "G:\Meu Drive\USP\SEMESTRES\7º SEMESTRE\PROJETO DE ELEMEN" // @
"TOS ESTRUTURAIS DE AERONAVES I\Exercicios, Trabalhos e Avaliações\Projeto" // @
"\Patran" )
$# The current working directory has been changed to the database location 
$# shown.                                                                     
$#                                                                            
$#                                   
db_set_pref( 303, 3, 0, FALSE, 0.40000001, "" )
STRING asm_create_patch_xy_created_ids[VIRTUAL]
asm_const_patch_xyz( "1", "<209.6 0 157.2>", "[0 0 0]", "Coord 0",  @
asm_create_patch_xy_created_ids )
$# 1 Patch created: Patch 1
asm_const_patch_xyz( "2", "<209.6 0 157.2>", "[209.6 0 0]", "Coord 0",  @
asm_create_patch_xy_created_ids )
$# 1 Patch created: Patch 2
asm_const_patch_xyz( "3", "<209.6 0 157.2>", "[419.2 0 0]", "Coord 0",  @
asm_create_patch_xy_created_ids )
$# 1 Patch created: Patch 3
asm_const_patch_xyz( "4", "<209.6 0 125.76>", "[0 -314.4 15.72]", "Coord 0",  @
asm_create_patch_xy_created_ids )
$# 1 Patch created: Patch 4
asm_const_patch_xyz( "5", "<209.6 0 125.76>", "[209.6 -314.4 15.72]",  @
"Coord 0", asm_create_patch_xy_created_ids )
$# 1 Patch created: Patch 5
asm_const_patch_xyz( "6", "<209.6 0 125.76>", "[419.2 -314.4 15.72]",  @
"Coord 0", asm_create_patch_xy_created_ids )
$# 1 Patch created: Patch 6
uil_primary_file.db_save(  )
STRING sgm_surface_2curve_created_ids[VIRTUAL]
sgm_const_surface_2curve( "7", "1.1", "4.1", sgm_surface_2curve_created_ids )
$# Error reported from application APP
$#     Unable to process list: "1.1"
$? NO 16000101 
sgm_const_surface_2curve( "7", "Surface 1.1", "Surface 4.1",  @
sgm_surface_2curve_created_ids )
$# 1 Surface Created: Surface 7
sgm_const_surface_2curve( "8", "Surface 1.4", "Surface 4.4",  @
sgm_surface_2curve_created_ids )
$# 1 Surface Created: Surface 8
sgm_const_surface_2curve( "9", "Surface 1.3", "Surface 4.3",  @
sgm_surface_2curve_created_ids )
$# 1 Surface Created: Surface 9
sgm_const_surface_2curve( "10", "Surface 2.1", "Surface 5.1",  @
sgm_surface_2curve_created_ids )
$# 1 Surface Created: Surface 10
sgm_const_surface_2curve( "11", "Surface 2.3", "Surface 5.3",  @
sgm_surface_2curve_created_ids )
$# 1 Surface Created: Surface 11
sgm_const_surface_2curve( "12", "Surface 3.1", "Surface 6.1",  @
sgm_surface_2curve_created_ids )
$# 1 Surface Created: Surface 12
sgm_const_surface_2curve( "13", "Surface 3.2", "Surface 6.2",  @
sgm_surface_2curve_created_ids )
$# 1 Surface Created: Surface 13
sgm_const_surface_2curve( "14", "Surface 3.3", "Surface 6.3",  @
sgm_surface_2curve_created_ids )
$# 1 Surface Created: Surface 14
uil_primary_file.db_save(  )
ui_exec_function( "mesh_seed_display_mgr", "init" )
mesh_seed_create( "Surface 1.4 1.2 2.2 3.2 4.4 4.2 5.2 6.2", 1, 5, 0., 0., 0. )
mesh_seed_create( "Surface 7.3 7.1 8.3 9.3 10.3 11.3 12.3 13.3 1.3 1.1 4.3" // @
" 4.1 2.3 2.1 5.35.1 3.3 3.1 6.3 6.1", 1, 10, 0., 0., 0. )
INTEGER fem_create_mesh_surfa_num_nodes
INTEGER fem_create_mesh_surfa_num_elems
STRING fem_create_mesh_s_nodes_created[VIRTUAL]
STRING fem_create_mesh_s_elems_created[VIRTUAL]
fem_create_mesh_surf_4( "IsoMesh", 49152, "Surface 1:14", 1, ["50.3291"],  @
"Quad4", "#", "#", "Coord 0", "Coord 0", fem_create_mesh_surfa_num_nodes,  @
fem_create_mesh_surfa_num_elems, fem_create_mesh_s_nodes_created,  @
fem_create_mesh_s_elems_created )
$# 66 nodes and 50 elements created for Surface 1.
$# 66 nodes and 50 elements created for Surface 2.
$# 66 nodes and 50 elements created for Surface 3.
$# 66 nodes and 50 elements created for Surface 4.
$# 66 nodes and 50 elements created for Surface 5.
$# 66 nodes and 50 elements created for Surface 6.
$# 121 nodes and 100 elements created for Surface 7.
$# 66 nodes and 50 elements created for Surface 8.
$# 121 nodes and 100 elements created for Surface 9.
$# 121 nodes and 100 elements created for Surface 10.
$# 121 nodes and 100 elements created for Surface 11.
$# 121 nodes and 100 elements created for Surface 12.
$# 66 nodes and 50 elements created for Surface 13.
$# 121 nodes and 100 elements created for Surface 14.
$# === 1254 nodes created.  IDs  = 1:1254.
$# === 1000 elements created.  IDs  = 1:1000.
mesh_seed_display_mgr.erase(  )
REAL fem_equiv_all_x_equivtol_ab
INTEGER fem_equiv_all_x_segment
fem_equiv_all_group5( [" "], 0, "", 1, 1, 0.40000001, FALSE,  @
fem_equiv_all_x_equivtol_ab, fem_equiv_all_x_segment, TRUE )
$# Realigning database with new node numbers...
$# Database realignment completed.
$# Geometric equivalencing completed. 252 nodes deleted.
uil_primary_file.db_save(  )
ga_view_aa_set( 23., -34., 0. )
ga_view_aa_set( 23., 56., 0. )
ga_view_aa_set( -67., 0., -34. )
uil_primary_file.db_save(  )
$# Flushing the User Data Manager
$# Journal file stopped recording at 31-May-21 11:53:20
$# Appending to existing journal file G:\Meu Drive\USP\SEMESTRES\7º 
$# SEMESTRE\PROJETO DE ELEMENTOS ESTRUTURAIS DE AERONAVES I\Exercicios, 
$# Trabalhos e Avaliações\Projeto\Patran\caixao_projeto.db.jou at 04-Jun-21 
$# 13:21:00
$# Synchronizing the User Data Manager
set_current_dir( "G:\Meu Drive\USP\SEMESTRES\7º SEMESTRE\PROJETO DE ELEMEN" // @
"TOS ESTRUTURAIS DE AERONAVES I\Exercicios, Trabalhos e Avaliações\Projeto" // @
"\Patran" )
$# The current working directory has been changed to the database location 
$# shown.                                                                     
$#                                                                            
$#                                   
gm_hilight_clear(  )
gm_hilight_clear(  )
gm_hilight_clear(  )
loadsbcs_create2( "engaste", "Displacement", "Nodal", "", "Static", [ @
"Point 1:7:3 8"], "Geometry", "Coord 0", "1.", ["<0 0 0>", "<0 0 0>",  @
"<     >", "<     >"], ["", "", "", ""] )
$# Load/BC set "engaste" created.
gm_hilight_clear(  )
gm_hilight_clear(  )
gm_hilight_clear(  )
ui_exec_function( "mesh_seed_display_mgr", "init" )
mesh_seed_display_mgr.erase(  )
gm_hilight_clear(  )
gm_hilight_clear(  )
gm_hilight_clear(  )
gm_hilight_clear(  )
gm_hilight_clear(  )
gm_hilight_clear(  )
$# Critical Decision requested from application Regions
$#     The Select Members databox contains some data.  Do you wish to add it 
$# to the Application Region List before continuing?
$? YES 67001017 
loadsbcs_create2( "F1", "Force", "Nodal", "", "Static", ["Point 9 12"],  @
"Geometry", "Coord 0", "1.", ["<0 0 100215>", "<     >", "<     >", "<     >"] @
, ["", "", "", ""] )
$# Load/BC set "F1" created.
loadsbcs_create2( "F2", "Force", "Nodal", "", "Static", ["Point 15 16"],  @
"Geometry", "Coord 0", "1.", ["<0 0 33405>", "<     >", "<     >", "<     >"], @
 ["", "", "", ""] )
$# Load/BC set "F2" created.
loadsbcs_create2( "F3", "Force", "Nodal", "", "Static", ["Point 9 15"],  @
"Geometry", "Coord 0", "1.", ["<0 -13362 0>", "<     >", "<     >", "<     >"] @
, ["", "", "", ""] )
$# Load/BC set "F3" created.
ga_view_center_set( 46.344894, -6.171555 )
ga_view_zoom_set( 184.448013 )
ga_view_center_set( 0.349472, -0.465782 )
ga_view_zoom_set( 207.504013 )
ga_view_center_set( -51.264542, 5.691246 )
ga_view_zoom_set( 233.442017 )
ga_view_center_set( -109.330399, 12.617851 )
ga_view_zoom_set( 262.622253 )
ga_view_center_set( -78.528946, -11.404259 )
ga_view_zoom_set( 233.442001 )
ga_view_center_set( -51.149857, -33.281303 )
ga_view_zoom_set( 207.503998 )
loadsbcs_create2( "F4", "Force", "Nodal", "", "Static", ["Point 12 16"],  @
"Geometry", "Coord 0", "1.", ["<0 20043 0>", "<     >", "<     >", "<     >"], @
 ["", "", "", ""] )
$# Load/BC set "F4" created.
uil_primary_file.db_save(  )
uil_toolbar.wireframe(  )
uil_toolbar.shaded_smooth(  )
ga_view_center_set( -114.553726, -34.984314 )
ga_view_zoom_set( 233.442001 )
ga_view_center_set( -185.883255, -36.900238 )
ga_view_zoom_set( 262.622253 )
ga_view_center_set( -265.963135, -39.552994 )
ga_view_zoom_set( 295.450043 )
ga_view_center_set( -185.883240, -36.900291 )
ga_view_zoom_set( 262.622253 )
ga_view_center_set( -114.700928, -34.542301 )
ga_view_zoom_set( 233.442001 )
uil_toolbar.hidden_line(  )
ga_view_aa_set( 23., 56., 0. )
ga_view_aa_set( 23., -34., 0. )
ga_view_aa_set( -67., 0., -34. )
uil_primary_file.db_save(  )
uil_primary_file.db_save(  )
$# Flushing the User Data Manager
$# Journal file stopped recording at 04-Jun-21 13:45:14
$# Appending to existing journal file G:\Meu Drive\USP\SEMESTRES\7º 
$# SEMESTRE\PROJETO DE ELEMENTOS ESTRUTURAIS DE AERONAVES I\Exercicios, 
$# Trabalhos e Avaliações\Projeto\Patran\caixao_projeto.db.jou at 12-Jun-21 
$# 15:24:19
$# Synchronizing the User Data Manager
set_current_dir( "G:\Meu Drive\USP\SEMESTRES\7º SEMESTRE\PROJETO DE ELEMEN" // @
"TOS ESTRUTURAIS DE AERONAVES I\Exercicios, Trabalhos e Avaliações\Projeto" // @
"\Patran" )
$# The current working directory has been changed to the database location 
$# shown.                                                                     
$#                                                                            
$#                                   
gm_hilight_clear(  )
gm_hilight_clear(  )
gm_hilight_clear(  )
gm_hilight_clear(  )
gm_hilight_clear(  )
gm_hilight_clear(  )
gm_hilight_clear(  )
gm_hilight_clear(  )
gm_hilight_clear(  )
gm_hilight_clear(  )
gm_hilight_clear(  )
gm_hilight_clear(  )
gm_hilight_clear(  )
gm_hilight_clear(  )
gm_hilight_clear(  )
gm_hilight_clear(  )
gm_hilight_clear(  )
gm_hilight_clear(  )
gm_hilight_clear(  )
gm_hilight_clear(  )
gm_hilight_clear(  )
gm_hilight_clear(  )
gm_hilight_clear(  )
gm_hilight_clear(  )
loadsbcs_modify2( "F1", "F1", "Force", "Nodal", "", "Static", ["Point 9 12"],  @
"Geometry", "Coord 0", "1.", ["<0., 0., 95625.>", "", "", ""], ["", "", "", "" @
] )
$# Load/BC set "F1" modified.
loadsbcs_modify2( "F2", "F2", "Force", "Nodal", "", "Static", ["Point 15 16"], @
 "Geometry", "Coord 0", "1.", ["<0., 0., 31875.>", "", "", ""], ["", "", "",  @
""] )
$# Load/BC set "F2" modified.
loadsbcs_modify2( "F3", "F3", "Force", "Nodal", "", "Static", ["Point 9 15"],  @
"Geometry", "Coord 0", "1.", ["<0., -12750., 0.>", "", "", ""], ["", "", "",  @
""] )
$# Load/BC set "F3" modified.
loadsbcs_modify2( "F4", "F4", "Force", "Nodal", "", "Static", ["Point 12 16"], @
 "Geometry", "Coord 0", "1.", ["<0., 19125., 0.>", "", "", ""], ["", "", "",  @
""] )
$# Load/BC set "F4" modified.
uil_primary_file.db_save(  )
uil_primary_file.db_save(  )
uil_primary_file.db_save(  )
uil_primary_file.db_save(  )
uil_primary_file.db_save(  )
uil_primary_file.db_save(  )
uil_primary_file.db_save(  )
